name,rank
obj1,1
obj2,2
obj3,3
obj4,4
obj5,5
obj6,6
obj7,7
obj8,8
obj9,9
