id,name,rank
55eae883689a08361045d652,obj9,9
55eae883689a08361045d651,obj8,8
55eae883689a08361045d650,obj7,7
55eae883689a08361045d64f,obj6,6
55eae883689a08361045d64e,obj5,5
55eae883689a08361045d64d,obj4,4
55eae883689a08361045d64c,obj3,3
