json
"{""object_id"":""55eae883689a08361045d652"",""name"":""obj9"",""rank"":9,""value"":9.9,""created_at"":""2015-09-06T10:05:18.786Z"",""embeded"":{""key"":""value9""}}"
"{""object_id"":""55eae883689a08361045d651"",""name"":""obj8"",""rank"":8,""value"":8.8,""created_at"":""2015-09-06T10:05:28.786Z"",""embeded"":{""key"":""value8""}}"
"{""object_id"":""55eae883689a08361045d650"",""name"":""obj7"",""rank"":7,""value"":7.7,""created_at"":""2015-09-06T10:05:38.786Z"",""embeded"":{""key"":""value7""}}"
"{""object_id"":""55eae883689a08361045d64f"",""name"":""obj6"",""rank"":6,""value"":6.6,""created_at"":""2015-09-06T10:05:48.786Z"",""embeded"":{""key"":""value6""}}"
"{""object_id"":""55eae883689a08361045d64e"",""name"":""obj5"",""rank"":5,""value"":5.5,""created_at"":""2015-09-06T10:05:58.786Z"",""embeded"":{""key"":""value5""}}"
"{""object_id"":""55eae883689a08361045d64d"",""name"":""obj4"",""rank"":4,""value"":4.4,""created_at"":""2015-09-06T10:06:08.786Z"",""embeded"":{""key"":{""inner_key"":""value4""}}}"
"{""object_id"":""55eae883689a08361045d64c"",""name"":""obj3"",""rank"":3,""value"":3.3,""created_at"":""2015-09-06T10:06:18.786Z"",""embeded"":{""key"":[""v3-1"",""v3-2""]}}"
